2025-04-23 18:32:00 | DEBUG | repo=a4m36jee-2014-cdi-seminar | action=commit
2025-01-26 16:07:00 | INFO | repo=a4m36jee-2014-cdi-seminar | action=commit
2025-08-15 07:29:00 | DEBUG | repo=a4m36jee-2014-cdi-seminar | action=commit
2025-02-24 17:34:00 | DEBUG | repo=a4m36jee-2014-cdi-seminar | action=commit
2025-02-05 08:24:00 | WARN | repo=a4m36jee-2014-cdi-seminar | action=commit
2025-08-03 20:49:00 | INFO | repo=a4m36jee-2014-cdi-seminar | action=pull
2025-03-19 14:49:00 | WARN | repo=a4m36jee-2014-cdi-seminar | action=commit
2025-11-24 07:30:00 | WARN | repo=a4m36jee-2014-cdi-seminar | action=commit
2025-05-03 21:18:00 | INFO | repo=a4m36jee-2014-cdi-seminar | action=commit
2025-04-01 15:56:00 | WARN | repo=a4m36jee-2014-cdi-seminar | action=commit
2025-03-10 14:48:00 | WARN | repo=a4m36jee-2014-cdi-seminar | action=commit
2025-09-02 09:29:00 | WARN | repo=a4m36jee-2014-cdi-seminar | action=commit
2025-11-19 14:55:00 | DEBUG | repo=a4m36jee-2014-cdi-seminar | action=commit
2025-11-11 13:31:00 | INFO | repo=a4m36jee-2014-cdi-seminar | action=commit
2025-05-28 20:49:00 | WARN | repo=a4m36jee-2014-cdi-seminar | action=commit
2025-04-09 15:21:00 | DEBUG | repo=a4m36jee-2014-cdi-seminar | action=commit
2025-11-27 07:26:00 | INFO | repo=a4m36jee-2014-cdi-seminar | action=commit
2025-11-15 17:24:00 | INFO | repo=a4m36jee-2014-cdi-seminar | action=pull
2025-06-26 12:50:00 | WARN | repo=a4m36jee-2014-cdi-seminar | action=commit
2025-09-25 09:05:00 | DEBUG | repo=a4m36jee-2014-cdi-seminar | action=commit
2025-05-08 19:20:00 | INFO | repo=a4m36jee-2014-cdi-seminar | action=test | passed=true
2025-12-02 11:32:00 | INFO | repo=a4m36jee-2014-cdi-seminar | action=commit
